This is pdfTeX, Version 3.141592653-2.6-1.40.27 (TeX Live 2025) (preloaded format=pdflatex 2025.3.8)  22 SEP 2025 16:21
entering extended mode
 restricted \write18 enabled.
 %&-line parsing enabled.
**grading_rubric.tex
(./grading_rubric.tex
LaTeX2e <2024-11-01> patch level 2
L3 programming layer <2025-01-18>
(/usr/local/texlive/2025/texmf-dist/tex/latex/base/article.cls
Document Class: article 2024/06/29 v1.4n Standard LaTeX document class
(/usr/local/texlive/2025/texmf-dist/tex/latex/base/size11.clo
File: size11.clo 2024/06/29 v1.4n Standard LaTeX file (size option)
)
\c@part=\count196
\c@section=\count197
\c@subsection=\count198
\c@subsubsection=\count199
\c@paragraph=\count266
\c@subparagraph=\count267
\c@figure=\count268
\c@table=\count269
\abovecaptionskip=\skip49
\belowcaptionskip=\skip50
\bibindent=\dimen141
)
(/usr/local/texlive/2025/texmf-dist/tex/latex/geometry/geometry.sty
Package: geometry 2020/01/02 v5.9 Page Geometry

(/usr/local/texlive/2025/texmf-dist/tex/latex/graphics/keyval.sty
Package: keyval 2022/05/29 v1.15 key=value parser (DPC)
\KV@toks@=\toks17
)
(/usr/local/texlive/2025/texmf-dist/tex/generic/iftex/ifvtex.sty
Package: ifvtex 2019/10/25 v1.7 ifvtex legacy package. Use iftex instead.

(/usr/local/texlive/2025/texmf-dist/tex/generic/iftex/iftex.sty
Package: iftex 2024/12/12 v1.0g TeX engine tests
))
\Gm@cnth=\count270
\Gm@cntv=\count271
\c@Gm@tempcnt=\count272
\Gm@bindingoffset=\dimen142
\Gm@wd@mp=\dimen143
\Gm@odd@mp=\dimen144
\Gm@even@mp=\dimen145
\Gm@layoutwidth=\dimen146
\Gm@layoutheight=\dimen147
\Gm@layouthoffset=\dimen148
\Gm@layoutvoffset=\dimen149
\Gm@dimlist=\toks18
)
(/usr/local/texlive/2025/texmf-dist/tex/latex/xcolor/xcolor.sty
Package: xcolor 2024/09/29 v3.02 LaTeX color extensions (UK)

(/usr/local/texlive/2025/texmf-dist/tex/latex/graphics-cfg/color.cfg
File: color.cfg 2016/01/02 v1.6 sample color configuration
)
Package xcolor Info: Driver file: pdftex.def on input line 274.

(/usr/local/texlive/2025/texmf-dist/tex/latex/graphics-def/pdftex.def
File: pdftex.def 2024/04/13 v1.2c Graphics/color driver for pdftex
)
(/usr/local/texlive/2025/texmf-dist/tex/latex/graphics/mathcolor.ltx)
Package xcolor Info: Model `cmy' substituted by `cmy0' on input line 1349.
Package xcolor Info: Model `hsb' substituted by `rgb' on input line 1353.
Package xcolor Info: Model `RGB' extended on input line 1365.
Package xcolor Info: Model `HTML' substituted by `rgb' on input line 1367.
Package xcolor Info: Model `Hsb' substituted by `hsb' on input line 1368.
Package xcolor Info: Model `tHsb' substituted by `hsb' on input line 1369.
Package xcolor Info: Model `HSB' substituted by `hsb' on input line 1370.
Package xcolor Info: Model `Gray' substituted by `gray' on input line 1371.
Package xcolor Info: Model `wave' substituted by `hsb' on input line 1372.
)
(/usr/local/texlive/2025/texmf-dist/tex/latex/booktabs/booktabs.sty
Package: booktabs 2020/01/12 v1.61803398 Publication quality tables
\heavyrulewidth=\dimen150
\lightrulewidth=\dimen151
\cmidrulewidth=\dimen152
\belowrulesep=\dimen153
\belowbottomsep=\dimen154
\aboverulesep=\dimen155
\abovetopsep=\dimen156
\cmidrulesep=\dimen157
\cmidrulekern=\dimen158
\defaultaddspace=\dimen159
\@cmidla=\count273
\@cmidlb=\count274
\@aboverulesep=\dimen160
\@belowrulesep=\dimen161
\@thisruleclass=\count275
\@lastruleclass=\count276
\@thisrulewidth=\dimen162
)
(/usr/local/texlive/2025/texmf-dist/tex/latex/tools/array.sty
Package: array 2024/10/17 v2.6g Tabular extension package (FMi)
\col@sep=\dimen163
\ar@mcellbox=\box52
\extrarowheight=\dimen164
\NC@list=\toks19
\extratabsurround=\skip51
\backup@length=\skip52
\ar@cellbox=\box53
)
(/usr/local/texlive/2025/texmf-dist/tex/latex/tools/longtable.sty
Package: longtable 2024-10-27 v4.22 Multi-page Table package (DPC)
\LTleft=\skip53
\LTright=\skip54
\LTpre=\skip55
\LTpost=\skip56
\LTchunksize=\count277
\LTcapwidth=\dimen165
\LT@head=\box54
\LT@firsthead=\box55
\LT@foot=\box56
\LT@lastfoot=\box57
\LT@gbox=\box58
\LT@cols=\count278
\LT@rows=\count279
\c@LT@tables=\count280
\c@LT@chunks=\count281
\LT@p@ftn=\toks20
)
(/usr/local/texlive/2025/texmf-dist/tex/latex/l3backend/l3backend-pdftex.def
File: l3backend-pdftex.def 2024-05-08 L3 backend support: PDF output (pdfTeX)
\l__color_backend_stack_int=\count282
\l__pdf_internal_box=\box59
)
No file grading_rubric.aux.
\openout1 = `grading_rubric.aux'.

LaTeX Font Info:    Checking defaults for OML/cmm/m/it on input line 17.
LaTeX Font Info:    ... okay on input line 17.
LaTeX Font Info:    Checking defaults for OMS/cmsy/m/n on input line 17.
LaTeX Font Info:    ... okay on input line 17.
LaTeX Font Info:    Checking defaults for OT1/cmr/m/n on input line 17.
LaTeX Font Info:    ... okay on input line 17.
LaTeX Font Info:    Checking defaults for T1/cmr/m/n on input line 17.
LaTeX Font Info:    ... okay on input line 17.
LaTeX Font Info:    Checking defaults for TS1/cmr/m/n on input line 17.
LaTeX Font Info:    ... okay on input line 17.
LaTeX Font Info:    Checking defaults for OMX/cmex/m/n on input line 17.
LaTeX Font Info:    ... okay on input line 17.
LaTeX Font Info:    Checking defaults for U/cmr/m/n on input line 17.
LaTeX Font Info:    ... okay on input line 17.
*geometry* driver: auto-detecting
*geometry* detected driver: pdftex
*geometry* verbose mode - [ preamble ] result:
* driver: pdftex
* paper: <default>
* layout: <same size as paper>
* layoutoffset:(h,v)=(0.0pt,0.0pt)
* modes: landscape 
* h-part:(L,W,R)=(36.135pt, 722.7pt, 36.135pt)
* v-part:(T,H,B)=(36.135pt, 542.02501pt, 36.135pt)
* \paperwidth=794.96999pt
* \paperheight=614.295pt
* \textwidth=722.7pt
* \textheight=542.02501pt
* \oddsidemargin=-36.135pt
* \evensidemargin=-36.135pt
* \topmargin=-73.135pt
* \headheight=12.0pt
* \headsep=25.0pt
* \topskip=11.0pt
* \footskip=30.0pt
* \marginparwidth=144.0pt
* \marginparsep=10.0pt
* \columnsep=10.0pt
* \skip\footins=10.0pt plus 4.0pt minus 2.0pt
* \hoffset=0.0pt
* \voffset=0.0pt
* \mag=1000
* \@twocolumnfalse
* \@twosidefalse
* \@mparswitchfalse
* \@reversemarginfalse
* (1in=72.27pt=25.4mm, 1cm=28.453pt)

(/usr/local/texlive/2025/texmf-dist/tex/context/base/mkii/supp-pdf.mkii
[Loading MPS to PDF converter (version 2006.09.02).]
\scratchcounter=\count283
\scratchdimen=\dimen166
\scratchbox=\box60
\nofMPsegments=\count284
\nofMParguments=\count285
\everyMPshowfont=\toks21
\MPscratchCnt=\count286
\MPscratchDim=\dimen167
\MPnumerator=\count287
\makeMPintoPDFobject=\count288
\everyMPtoPDFconversion=\toks22
)
LaTeX Font Info:    External font `cmex10' loaded for size
(Font)              <12> on input line 18.
LaTeX Font Info:    External font `cmex10' loaded for size
(Font)              <8> on input line 18.
LaTeX Font Info:    External font `cmex10' loaded for size
(Font)              <6> on input line 18.


LaTeX Warning: No \author given.

LaTeX Font Info:    External font `cmex10' loaded for size
(Font)              <14.4> on input line 20.
LaTeX Font Info:    External font `cmex10' loaded for size
(Font)              <7> on input line 20.

Underfull \hbox (badness 10000) in paragraph at lines 24--24
[]|[]\OT1/cmr/bx/n/10.95 Satisfactory (70-
 []


Overfull \hbox (4.68692pt too wide) in alignment at lines 22--26
 [] [] [] [] [] [] [] 
 []


Underfull \hbox (badness 10000) in paragraph at lines 31--31
[]|\OT1/cmr/m/n/10.95 Research Ques-tion
 []


Underfull \hbox (badness 10000) in paragraph at lines 33--33
[]|\OT1/cmr/m/n/10.95 Well-defined ques-tion
 []


Underfull \hbox (badness 10000) in paragraph at lines 33--33
\OT1/cmr/m/n/10.95 with mi-nor clar-ity
 []


Underfull \hbox (badness 5460) in paragraph at lines 40--40
[]|\OT1/cmr/m/n/10.95 Comprehensive re-view
 []


Underfull \hbox (badness 2409) in paragraph at lines 48--48
[]|\OT1/cmr/m/n/10.95 Clearly iden-ti-fies spe-
 []


Underfull \hbox (badness 10000) in paragraph at lines 60--60
[]|\OT1/cmr/m/n/10.95 Good clean-ing with
 []


Underfull \hbox (badness 10000) in paragraph at lines 61--61
[]|\OT1/cmr/m/n/10.95 Basic clean-ing with
 []


Underfull \hbox (badness 1484) in paragraph at lines 66--66
[]|\OT1/cmr/m/n/10.95 Missing Data Han-
 []


Underfull \hbox (badness 10000) in paragraph at lines 67--67
[]|\OT1/cmr/m/n/10.95 Appropriate strat-egy
 []


Underfull \hbox (badness 10000) in paragraph at lines 67--67
\OT1/cmr/m/n/10.95 im-pu-ta-tion, com-plete
 []


Underfull \hbox (badness 10000) in paragraph at lines 68--68
[]|\OT1/cmr/m/n/10.95 Reasonable ap-proach
 []


Underfull \hbox (badness 10000) in paragraph at lines 69--69
[]|\OT1/cmr/m/n/10.95 Simplistic ap-proach
 []


Underfull \hbox (badness 4096) in paragraph at lines 74--74
[]|\OT1/cmr/m/n/10.95 Exploratory Anal-y-
 []


Underfull \hbox (badness 10000) in paragraph at lines 75--75
[]|\OT1/cmr/m/n/10.95 Comprehensive EDA
 []


Underfull \hbox (badness 10000) in paragraph at lines 76--76
[]|\OT1/cmr/m/n/10.95 Good ex-plo-ration of
 []


Underfull \hbox (badness 1275) in paragraph at lines 78--78
[]|\OT1/cmr/m/n/10.95 Minimal or no ex-plo-
 []


Underfull \hbox (badness 7099) in paragraph at lines 83--83
[]|\OT1/cmr/m/n/10.95 Professional, in-for-ma-
 []


Underfull \hbox (badness 10000) in paragraph at lines 84--84
[]|\OT1/cmr/m/n/10.95 Good vi-su-al-iza-tions
 []


Underfull \hbox (badness 10000) in paragraph at lines 94--94
[]|\OT1/cmr/m/n/10.95 Appropriate meth-ods
 []


Underfull \hbox (badness 10000) in paragraph at lines 95--95
[]|\OT1/cmr/m/n/10.95 Appropriate meth-ods
 []


Underfull \hbox (badness 1205) in paragraph at lines 97--97
[]|\OT1/cmr/m/n/10.95 Inappropriate meth-ods
 []


Underfull \hbox (badness 7030) in paragraph at lines 102--102
\OT1/cmr/m/n/10.95 with all as-sump-tions
 []


Underfull \hbox (badness 10000) in paragraph at lines 110--110
[]|\OT1/cmr/m/n/10.95 Comprehensive di-ag-
 []


Underfull \hbox (badness 1715) in paragraph at lines 111--111
[]|\OT1/cmr/m/n/10.95 Basic di-ag-nos-tics per-
 []


Underfull \hbox (badness 10000) in paragraph at lines 112--112
[]|\OT1/cmr/m/n/10.95 Minimal di-ag-nos-tic
 []


Underfull \hbox (badness 10000) in paragraph at lines 113--113
[]|\OT1/cmr/m/n/10.95 No di-ag-nos-tics per-
 []


Underfull \hbox (badness 10000) in paragraph at lines 136--136
[]|\OT1/cmr/m/n/10.95 Documentation
 []


Underfull \hbox (badness 10000) in paragraph at lines 137--137
[]|\OT1/cmr/m/n/10.95 Complete log with
 []


Underfull \hbox (badness 10000) in paragraph at lines 137--137
\OT1/cmr/m/n/10.95 prompts, out-puts,
 []


Underfull \hbox (badness 10000) in paragraph at lines 138--138
[]|\OT1/cmr/m/n/10.95 Good doc-u-men-ta-tion
 []


Underfull \hbox (badness 4872) in paragraph at lines 138--138
\OT1/cmr/m/n/10.95 with most AI us-age
 []


Underfull \hbox (badness 10000) in paragraph at lines 139--139
[]|\OT1/cmr/m/n/10.95 Basic doc-u-men-ta-tion
 []


Underfull \hbox (badness 5862) in paragraph at lines 145--145
\OT1/cmr/m/n/10.95 all AI out-puts with
 []


Underfull \hbox (badness 1406) in paragraph at lines 147--147
[]|\OT1/cmr/m/n/10.95 Some ver-i-fi-ca-tion per-
 []


Underfull \hbox (badness 10000) in paragraph at lines 153--153
\OT1/cmr/m/n/10.95 ben-e-fits, lim-i-ta-tions,
 []


Underfull \hbox (badness 7151) in paragraph at lines 154--154
[]|\OT1/cmr/m/n/10.95 Good re-flec-tion with
 []


Underfull \hbox (badness 10000) in paragraph at lines 155--155
[]|\OT1/cmr/m/n/10.95 Basic re-flec-tion pro-
 []


Underfull \hbox (badness 10000) in paragraph at lines 164--164
[]|\OT1/cmr/m/n/10.95 Professional, en-gag-
 []


Underfull \hbox (badness 10000) in paragraph at lines 172--172
[]|\OT1/cmr/m/n/10.95 Clear, pro-fes-sional
 []


Underfull \hbox (badness 10000) in paragraph at lines 172--172
\OT1/cmr/m/n/10.95 slides that en-hance
 []


Underfull \hbox (badness 10000) in paragraph at lines 173--173
[]|\OT1/cmr/m/n/10.95 Good vi-su-als with
 []


Underfull \hbox (badness 10000) in paragraph at lines 173--173
\OT1/cmr/m/n/10.95 mi-nor im-prove-ments
 []


Underfull \hbox (badness 2818) in paragraph at lines 180--180
\OT1/cmr/m/n/10.95 sponses demon-strat-ing
 []


Underfull \hbox (badness 6708) in paragraph at lines 182--182
[]|\OT1/cmr/m/n/10.95 Basic re-sponses with
 []


Underfull \hbox (badness 3930) in paragraph at lines 189--189
[]|\OT1/cmr/m/n/10.95 Good team-work with
 []


Underfull \hbox (badness 2050) in paragraph at lines 190--190
[]|\OT1/cmr/m/n/10.95 Some co-or-di-na-tion is-
 []


Overfull \hbox (4.68692pt too wide) in alignment at lines 26--198
 [] [] [] [] [] [] [] 
 []

[1

{/usr/local/texlive/2025/texmf-var/fonts/map/pdftex/updmap/pdftex.map}]
[2]

[3{/usr/local/texlive/2025/texmf-dist/fonts/enc/dvips/cm-super/cm-super-ts1.enc
}] (./grading_rubric.aux)
 ***********
LaTeX2e <2024-11-01> patch level 2
L3 programming layer <2025-01-18>
 ***********
 ) 
Here is how much of TeX's memory you used:
 2271 strings out of 473190
 34907 string characters out of 5715801
 490117 words of memory out of 5000000
 25550 multiletter control sequences out of 15000+600000
 564348 words of font info for 54 fonts, out of 8000000 for 9000
 1141 hyphenation exceptions out of 8191
 57i,6n,65p,338b,246s stack positions out of 10000i,1000n,20000p,200000b,200000s
</usr/local/texlive/2025/texmf-dist/fonts/type1/public/amsfonts/cm/cmbx10.pfb
></usr/local/texlive/2025/texmf-dist/fonts/type1/public/amsfonts/cm/cmbx12.pfb>
</usr/local/texlive/2025/texmf-dist/fonts/type1/public/amsfonts/cm/cmr10.pfb></
usr/local/texlive/2025/texmf-dist/fonts/type1/public/cm-super/sfrm1095.pfb>
Output written on grading_rubric.pdf (3 pages, 75705 bytes).
PDF statistics:
 35 PDF objects out of 1000 (max. 8388607)
 21 compressed objects within 1 object stream
 0 named destinations out of 1000 (max. 500000)
 1 words of extra memory for PDF output out of 10000 (max. 10000000)

