\BOOKMARK [1][-]{section.1}{\376\377\000P\000r\000o\000j\000e\000c\000t\000\040\000T\000i\000m\000e\000l\000i\000n\000e}{}% 1
\BOOKMARK [1][-]{section.2}{\376\377\000A\000v\000a\000i\000l\000a\000b\000l\000e\000\040\000D\000a\000t\000a\000s\000e\000t\000s}{}% 2
\BOOKMARK [2][-]{subsection.2.1}{\376\377\000O\000p\000t\000i\000o\000n\000\040\0001\000:\000\040\000C\000D\000C\000\040\000P\000L\000A\000C\000E\000S\000\040\000H\000e\000a\000l\000t\000h\000\040\000D\000a\000t\000a\000\040\000\050\000C\000o\000u\000n\000t\000y\000-\000L\000e\000v\000e\000l\000\051}{section.2}% 3
\BOOKMARK [2][-]{subsection.2.2}{\376\377\000O\000p\000t\000i\000o\000n\000\040\0002\000:\000\040\000C\000O\000V\000I\000D\000-\0001\0009\000\040\000C\000a\000s\000e\000\040\000S\000u\000r\000v\000e\000i\000l\000l\000a\000n\000c\000e\000\040\000P\000u\000b\000l\000i\000c\000\040\000U\000s\000e\000\040\000D\000a\000t\000a}{section.2}% 4
\BOOKMARK [2][-]{subsection.2.3}{\376\377\000O\000p\000t\000i\000o\000n\000\040\0003\000:\000\040\000H\000e\000a\000r\000t\000\040\000D\000i\000s\000e\000a\000s\000e\000\040\000M\000o\000r\000t\000a\000l\000i\000t\000y\000\040\000D\000a\000t\000a\000\040\000\050\000C\000o\000u\000n\000t\000y\000-\000L\000e\000v\000e\000l\000\051}{section.2}% 5
\BOOKMARK [2][-]{subsection.2.4}{\376\377\000O\000p\000t\000i\000o\000n\000\040\0004\000:\000\040\000G\000l\000o\000b\000a\000l\000\040\000B\000u\000r\000d\000e\000n\000\040\000o\000f\000\040\000D\000i\000s\000e\000a\000s\000e\000\040\000\050\000G\000B\000D\000\051\000\040\000S\000t\000u\000d\000y}{section.2}% 6
\BOOKMARK [2][-]{subsection.2.5}{\376\377\000O\000p\000t\000i\000o\000n\000\040\0005\000:\000\040\000Y\000o\000u\000t\000h\000\040\000T\000o\000b\000a\000c\000c\000o\000\040\000U\000s\000e\000\040\000D\000a\000t\000a}{section.2}% 7
\BOOKMARK [2][-]{subsection.2.6}{\376\377\000O\000p\000t\000i\000o\000n\000\040\0006\000:\000\040\000O\000p\000e\000n\000F\000D\000A\000\040\000A\000d\000v\000e\000r\000s\000e\000\040\000E\000v\000e\000n\000t\000s\000\040\000D\000a\000t\000a\000b\000a\000s\000e}{section.2}% 8
\BOOKMARK [1][-]{section.3}{\376\377\000P\000r\000o\000j\000e\000c\000t\000\040\000C\000o\000m\000p\000o\000n\000e\000n\000t\000s}{}% 9
\BOOKMARK [2][-]{subsection.3.1}{\376\377\000P\000a\000r\000t\000\040\0001\000:\000\040\000R\000e\000s\000e\000a\000r\000c\000h\000\040\000Q\000u\000e\000s\000t\000i\000o\000n\000\040\000a\000n\000d\000\040\000L\000i\000t\000e\000r\000a\000t\000u\000r\000e\000\040\000R\000e\000v\000i\000e\000w\000\040\000\050\0001\0005\000\045\000\051}{section.3}% 10
\BOOKMARK [2][-]{subsection.3.2}{\376\377\000P\000a\000r\000t\000\040\0002\000:\000\040\000D\000a\000t\000a\000\040\000M\000a\000n\000a\000g\000e\000m\000e\000n\000t\000\040\000a\000n\000d\000\040\000E\000x\000p\000l\000o\000r\000a\000t\000i\000o\000n\000\040\000\050\0002\0000\000\045\000\051}{section.3}% 11
\BOOKMARK [2][-]{subsection.3.3}{\376\377\000P\000a\000r\000t\000\040\0003\000:\000\040\000S\000t\000a\000t\000i\000s\000t\000i\000c\000a\000l\000\040\000A\000n\000a\000l\000y\000s\000i\000s\000\040\000\050\0003\0000\000\045\000\051}{section.3}% 12
\BOOKMARK [2][-]{subsection.3.4}{\376\377\000P\000a\000r\000t\000\040\0004\000:\000\040\000A\000I\000\040\000I\000n\000t\000e\000g\000r\000a\000t\000i\000o\000n\000\040\000a\000n\000d\000\040\000D\000o\000c\000u\000m\000e\000n\000t\000a\000t\000i\000o\000n\000\040\000\050\0002\0000\000\045\000\051}{section.3}% 13
\BOOKMARK [2][-]{subsection.3.5}{\376\377\000P\000a\000r\000t\000\040\0005\000:\000\040\000F\000i\000n\000a\000l\000\040\000P\000r\000e\000s\000e\000n\000t\000a\000t\000i\000o\000n\000\040\000a\000n\000d\000\040\000C\000o\000m\000m\000u\000n\000i\000c\000a\000t\000i\000o\000n\000\040\000\050\0002\0005\000\045\000\051}{section.3}% 14
\BOOKMARK [1][-]{section.4}{\376\377\000D\000e\000l\000i\000v\000e\000r\000a\000b\000l\000e\000s}{}% 15
\BOOKMARK [2][-]{subsection.4.1}{\376\377\000P\000r\000o\000j\000e\000c\000t\000\040\000P\000r\000o\000p\000o\000s\000a\000l\000\040\000\050\000W\000e\000e\000k\000\040\0005\000\051}{section.4}% 16
\BOOKMARK [2][-]{subsection.4.2}{\376\377\000F\000i\000n\000a\000l\000\040\000R\000e\000p\000o\000r\000t\000\040\000\050\000W\000e\000e\000k\000\040\0001\0000\000\051}{section.4}% 17
\BOOKMARK [2][-]{subsection.4.3}{\376\377\000F\000i\000n\000a\000l\000\040\000A\000s\000s\000e\000s\000s\000m\000e\000n\000t\000\040\000P\000r\000e\000s\000e\000n\000t\000a\000t\000i\000o\000n\000\040\000M\000a\000t\000e\000r\000i\000a\000l\000s\000\040\000\050\000F\000i\000n\000a\000l\000s\000\040\000W\000e\000e\000k\000\051}{section.4}% 18
\BOOKMARK [1][-]{section.5}{\376\377\000A\000I\000\040\000U\000s\000a\000g\000e\000\040\000R\000e\000q\000u\000i\000r\000e\000m\000e\000n\000t\000s}{}% 19
\BOOKMARK [1][-]{section.6}{\376\377\000G\000r\000a\000d\000i\000n\000g\000\040\000R\000u\000b\000r\000i\000c}{}% 20
\BOOKMARK [2][-]{subsection.6.1}{\376\377\000D\000e\000t\000a\000i\000l\000e\000d\000\040\000G\000r\000a\000d\000i\000n\000g\000\040\000C\000r\000i\000t\000e\000r\000i\000a}{section.6}% 21
\BOOKMARK [3][-]{subsubsection.6.1.1}{\376\377\000E\000x\000c\000e\000l\000l\000e\000n\000t\000\040\000\050\0009\0000\000-\0001\0000\0000\000\045\000\051}{subsection.6.1}% 22
\BOOKMARK [3][-]{subsubsection.6.1.2}{\376\377\000G\000o\000o\000d\000\040\000\050\0008\0000\000-\0008\0009\000\045\000\051}{subsection.6.1}% 23
\BOOKMARK [3][-]{subsubsection.6.1.3}{\376\377\000S\000a\000t\000i\000s\000f\000a\000c\000t\000o\000r\000y\000\040\000\050\0007\0000\000-\0007\0009\000\045\000\051}{subsection.6.1}% 24
\BOOKMARK [3][-]{subsubsection.6.1.4}{\376\377\000N\000e\000e\000d\000s\000\040\000I\000m\000p\000r\000o\000v\000e\000m\000e\000n\000t\000\040\000\050\000<\0007\0000\000\045\000\051}{subsection.6.1}% 25
\BOOKMARK [1][-]{section.7}{\376\377\000T\000e\000a\000m\000\040\000F\000o\000r\000m\000a\000t\000i\000o\000n\000\040\000a\000n\000d\000\040\000R\000o\000l\000e\000s}{}% 26
\BOOKMARK [1][-]{section.8}{\376\377\000R\000e\000s\000o\000u\000r\000c\000e\000s\000\040\000a\000n\000d\000\040\000S\000u\000p\000p\000o\000r\000t}{}% 27
\BOOKMARK [2][-]{subsection.8.1}{\376\377\000T\000e\000c\000h\000n\000i\000c\000a\000l\000\040\000R\000e\000s\000o\000u\000r\000c\000e\000s}{section.8}% 28
\BOOKMARK [2][-]{subsection.8.2}{\376\377\000O\000f\000f\000i\000c\000e\000\040\000H\000o\000u\000r\000s\000\040\000S\000u\000p\000p\000o\000r\000t}{section.8}% 29
\BOOKMARK [2][-]{subsection.8.3}{\376\377\000R\000e\000c\000o\000m\000m\000e\000n\000d\000e\000d\000\040\000R\000\040\000P\000a\000c\000k\000a\000g\000e\000s}{section.8}% 30
\BOOKMARK [1][-]{section.9}{\376\377\000A\000c\000a\000d\000e\000m\000i\000c\000\040\000I\000n\000t\000e\000g\000r\000i\000t\000y}{}% 31
\BOOKMARK [1][-]{section.10}{\376\377\000T\000i\000p\000s\000\040\000f\000o\000r\000\040\000S\000u\000c\000c\000e\000s\000s}{}% 32
