\BOOKMARK [1][-]{section.1}{\376\377\000L\000e\000a\000r\000n\000i\000n\000g\000\040\000O\000b\000j\000e\000c\000t\000i\000v\000e\000s}{}% 1
\BOOKMARK [1][-]{section.2}{\376\377\000A\000s\000s\000i\000g\000n\000m\000e\000n\000t\000\040\000C\000o\000m\000p\000o\000n\000e\000n\000t\000s}{}% 2
\BOOKMARK [2][-]{subsection.2.1}{\376\377\000D\000a\000t\000a\000s\000e\000t\000\040\000S\000e\000l\000e\000c\000t\000i\000o\000n}{section.2}% 3
\BOOKMARK [3][-]{subsubsection.2.1.1}{\376\377\000O\000p\000t\000i\000o\000n\000\040\0001\000:\000\040\000H\000e\000a\000r\000t\000\040\000D\000i\000s\000e\000a\000s\000e\000\040\000R\000i\000s\000k\000\040\000F\000a\000c\000t\000o\000r\000s}{subsection.2.1}% 4
\BOOKMARK [3][-]{subsubsection.2.1.2}{\376\377\000O\000p\000t\000i\000o\000n\000\040\0002\000:\000\040\000C\000O\000V\000I\000D\000-\0001\0009\000\040\000V\000a\000c\000c\000i\000n\000a\000t\000i\000o\000n\000\040\000O\000u\000t\000c\000o\000m\000e\000s}{subsection.2.1}% 5
\BOOKMARK [3][-]{subsubsection.2.1.3}{\376\377\000O\000p\000t\000i\000o\000n\000\040\0003\000:\000\040\000M\000e\000n\000t\000a\000l\000\040\000H\000e\000a\000l\000t\000h\000\040\000a\000n\000d\000\040\000E\000x\000e\000r\000c\000i\000s\000e}{subsection.2.1}% 6
\BOOKMARK [1][-]{section.3}{\376\377\000R\000e\000q\000u\000i\000r\000e\000d\000\040\000A\000n\000a\000l\000y\000s\000i\000s\000\040\000T\000a\000s\000k\000s}{}% 7
\BOOKMARK [2][-]{subsection.3.1}{\376\377\000T\000a\000s\000k\000\040\0001\000:\000\040\000D\000e\000s\000c\000r\000i\000p\000t\000i\000v\000e\000\040\000A\000n\000a\000l\000y\000s\000i\000s\000\040\000\050\0002\0005\000\040\000p\000o\000i\000n\000t\000s\000\051}{section.3}% 8
\BOOKMARK [2][-]{subsection.3.2}{\376\377\000T\000a\000s\000k\000\040\0002\000:\000\040\000H\000y\000p\000o\000t\000h\000e\000s\000i\000s\000\040\000T\000e\000s\000t\000i\000n\000g\000\040\000\050\0003\0000\000\040\000p\000o\000i\000n\000t\000s\000\051}{section.3}% 9
\BOOKMARK [2][-]{subsection.3.3}{\376\377\000T\000a\000s\000k\000\040\0003\000:\000\040\000A\000I\000\040\000I\000n\000t\000e\000g\000r\000a\000t\000i\000o\000n\000\040\000a\000n\000d\000\040\000D\000o\000c\000u\000m\000e\000n\000t\000a\000t\000i\000o\000n\000\040\000\050\0002\0005\000\040\000p\000o\000i\000n\000t\000s\000\051}{section.3}% 10
\BOOKMARK [2][-]{subsection.3.4}{\376\377\000T\000a\000s\000k\000\040\0004\000:\000\040\000W\000r\000i\000t\000t\000e\000n\000\040\000R\000e\000p\000o\000r\000t\000\040\000\050\0002\0000\000\040\000p\000o\000i\000n\000t\000s\000\051}{section.3}% 11
\BOOKMARK [1][-]{section.4}{\376\377\000D\000e\000l\000i\000v\000e\000r\000a\000b\000l\000e\000s}{}% 12
\BOOKMARK [1][-]{section.5}{\376\377\000A\000I\000\040\000U\000s\000a\000g\000e\000\040\000R\000e\000q\000u\000i\000r\000e\000m\000e\000n\000t\000s}{}% 13
\BOOKMARK [1][-]{section.6}{\376\377\000G\000r\000a\000d\000i\000n\000g\000\040\000R\000u\000b\000r\000i\000c}{}% 14
\BOOKMARK [2][-]{subsection.6.1}{\376\377\000D\000e\000t\000a\000i\000l\000e\000d\000\040\000G\000r\000a\000d\000i\000n\000g\000\040\000C\000r\000i\000t\000e\000r\000i\000a}{section.6}% 15
\BOOKMARK [3][-]{subsubsection.6.1.1}{\376\377\000E\000x\000c\000e\000l\000l\000e\000n\000t\000\040\000\050\0009\0000\000-\0001\0000\0000\000\045\000\051}{subsection.6.1}% 16
\BOOKMARK [3][-]{subsubsection.6.1.2}{\376\377\000G\000o\000o\000d\000\040\000\050\0008\0000\000-\0008\0009\000\045\000\051}{subsection.6.1}% 17
\BOOKMARK [3][-]{subsubsection.6.1.3}{\376\377\000S\000a\000t\000i\000s\000f\000a\000c\000t\000o\000r\000y\000\040\000\050\0007\0000\000-\0007\0009\000\045\000\051}{subsection.6.1}% 18
\BOOKMARK [3][-]{subsubsection.6.1.4}{\376\377\000N\000e\000e\000d\000s\000\040\000I\000m\000p\000r\000o\000v\000e\000m\000e\000n\000t\000\040\000\050\000<\0007\0000\000\045\000\051}{subsection.6.1}% 19
\BOOKMARK [1][-]{section.7}{\376\377\000R\000e\000s\000o\000u\000r\000c\000e\000s\000\040\000a\000n\000d\000\040\000S\000u\000p\000p\000o\000r\000t}{}% 20
\BOOKMARK [2][-]{subsection.7.1}{\376\377\000S\000t\000a\000t\000i\000s\000t\000i\000c\000a\000l\000\040\000R\000e\000s\000o\000u\000r\000c\000e\000s}{section.7}% 21
\BOOKMARK [2][-]{subsection.7.2}{\376\377\000A\000I\000\040\000T\000o\000o\000l\000\040\000A\000c\000c\000e\000s\000s}{section.7}% 22
\BOOKMARK [2][-]{subsection.7.3}{\376\377\000T\000e\000c\000h\000n\000i\000c\000a\000l\000\040\000R\000e\000q\000u\000i\000r\000e\000m\000e\000n\000t\000s}{section.7}% 23
\BOOKMARK [1][-]{section.8}{\376\377\000A\000c\000a\000d\000e\000m\000i\000c\000\040\000I\000n\000t\000e\000g\000r\000i\000t\000y}{}% 24
\BOOKMARK [1][-]{section.9}{\376\377\000T\000i\000p\000s\000\040\000f\000o\000r\000\040\000S\000u\000c\000c\000e\000s\000s}{}% 25
\BOOKMARK [1][-]{section.10}{\376\377\000L\000a\000t\000e\000\040\000S\000u\000b\000m\000i\000s\000s\000i\000o\000n\000\040\000P\000o\000l\000i\000c\000y}{}% 26
