This is pdfTeX, Version 3.141592653-2.6-1.40.27 (TeX Live 2025) (preloaded format=pdflatex)
 restricted \write18 enabled.
entering extended mode
(./week1_slides.tex
LaTeX2e <2024-11-01> patch level 2
L3 programming layer <2025-01-18>
(/usr/local/texlive/2025/texmf-dist/tex/latex/beamer/beamer.cls
Document Class: beamer 2025/02/04 v3.72 A class for typesetting presentations
(/usr/local/texlive/2025/texmf-dist/tex/latex/beamer/beamerbasemodes.sty
(/usr/local/texlive/2025/texmf-dist/tex/latex/etoolbox/etoolbox.sty)
(/usr/local/texlive/2025/texmf-dist/tex/latex/beamer/beamerbasedecode.sty))
(/usr/local/texlive/2025/texmf-dist/tex/generic/iftex/iftex.sty)
(/usr/local/texlive/2025/texmf-dist/tex/latex/beamer/beamerbaseoptions.sty
(/usr/local/texlive/2025/texmf-dist/tex/latex/graphics/keyval.sty))
(/usr/local/texlive/2025/texmf-dist/tex/latex/geometry/geometry.sty
(/usr/local/texlive/2025/texmf-dist/tex/generic/iftex/ifvtex.sty))
(/usr/local/texlive/2025/texmf-dist/tex/latex/pgf/math/pgfmath.sty
(/usr/local/texlive/2025/texmf-dist/tex/latex/pgf/utilities/pgfrcs.sty
(/usr/local/texlive/2025/texmf-dist/tex/generic/pgf/utilities/pgfutil-common.te
x)
(/usr/local/texlive/2025/texmf-dist/tex/generic/pgf/utilities/pgfutil-latex.def
) (/usr/local/texlive/2025/texmf-dist/tex/generic/pgf/utilities/pgfrcs.code.tex
(/usr/local/texlive/2025/texmf-dist/tex/generic/pgf/pgf.revision.tex)))
(/usr/local/texlive/2025/texmf-dist/tex/latex/pgf/utilities/pgfkeys.sty
(/usr/local/texlive/2025/texmf-dist/tex/generic/pgf/utilities/pgfkeys.code.tex
(/usr/local/texlive/2025/texmf-dist/tex/generic/pgf/utilities/pgfkeyslibraryfil
tered.code.tex)))
(/usr/local/texlive/2025/texmf-dist/tex/generic/pgf/math/pgfmath.code.tex
(/usr/local/texlive/2025/texmf-dist/tex/generic/pgf/math/pgfmathutil.code.tex)
(/usr/local/texlive/2025/texmf-dist/tex/generic/pgf/math/pgfmathparser.code.tex
)
(/usr/local/texlive/2025/texmf-dist/tex/generic/pgf/math/pgfmathfunctions.code.
tex)
(/usr/local/texlive/2025/texmf-dist/tex/generic/pgf/math/pgfmathfunctions.basic
.code.tex)
(/usr/local/texlive/2025/texmf-dist/tex/generic/pgf/math/pgfmathfunctions.trigo
nometric.code.tex)
(/usr/local/texlive/2025/texmf-dist/tex/generic/pgf/math/pgfmathfunctions.rando
m.code.tex)
(/usr/local/texlive/2025/texmf-dist/tex/generic/pgf/math/pgfmathfunctions.compa
rison.code.tex)
(/usr/local/texlive/2025/texmf-dist/tex/generic/pgf/math/pgfmathfunctions.base.
code.tex)
(/usr/local/texlive/2025/texmf-dist/tex/generic/pgf/math/pgfmathfunctions.round
.code.tex)
(/usr/local/texlive/2025/texmf-dist/tex/generic/pgf/math/pgfmathfunctions.misc.
code.tex)
(/usr/local/texlive/2025/texmf-dist/tex/generic/pgf/math/pgfmathfunctions.integ
erarithmetics.code.tex)
(/usr/local/texlive/2025/texmf-dist/tex/generic/pgf/math/pgfmathcalc.code.tex)
(/usr/local/texlive/2025/texmf-dist/tex/generic/pgf/math/pgfmathfloat.code.tex)
)) (/usr/local/texlive/2025/texmf-dist/tex/latex/base/size11.clo)
(/usr/local/texlive/2025/texmf-dist/tex/latex/pgf/basiclayer/pgfcore.sty
(/usr/local/texlive/2025/texmf-dist/tex/latex/graphics/graphicx.sty
(/usr/local/texlive/2025/texmf-dist/tex/latex/graphics/graphics.sty
(/usr/local/texlive/2025/texmf-dist/tex/latex/graphics/trig.sty)
(/usr/local/texlive/2025/texmf-dist/tex/latex/graphics-cfg/graphics.cfg)
(/usr/local/texlive/2025/texmf-dist/tex/latex/graphics-def/pdftex.def)))
(/usr/local/texlive/2025/texmf-dist/tex/latex/pgf/systemlayer/pgfsys.sty
(/usr/local/texlive/2025/texmf-dist/tex/generic/pgf/systemlayer/pgfsys.code.tex
(/usr/local/texlive/2025/texmf-dist/tex/generic/pgf/systemlayer/pgf.cfg)
(/usr/local/texlive/2025/texmf-dist/tex/generic/pgf/systemlayer/pgfsys-pdftex.d
ef
(/usr/local/texlive/2025/texmf-dist/tex/generic/pgf/systemlayer/pgfsys-common-p
df.def)))
(/usr/local/texlive/2025/texmf-dist/tex/generic/pgf/systemlayer/pgfsyssoftpath.
code.tex)
(/usr/local/texlive/2025/texmf-dist/tex/generic/pgf/systemlayer/pgfsysprotocol.
code.tex)) (/usr/local/texlive/2025/texmf-dist/tex/latex/xcolor/xcolor.sty
(/usr/local/texlive/2025/texmf-dist/tex/latex/graphics-cfg/color.cfg)
(/usr/local/texlive/2025/texmf-dist/tex/latex/graphics/mathcolor.ltx))
(/usr/local/texlive/2025/texmf-dist/tex/generic/pgf/basiclayer/pgfcore.code.tex
(/usr/local/texlive/2025/texmf-dist/tex/generic/pgf/math/pgfint.code.tex)
(/usr/local/texlive/2025/texmf-dist/tex/generic/pgf/basiclayer/pgfcorepoints.co
de.tex)
(/usr/local/texlive/2025/texmf-dist/tex/generic/pgf/basiclayer/pgfcorepathconst
ruct.code.tex)
(/usr/local/texlive/2025/texmf-dist/tex/generic/pgf/basiclayer/pgfcorepathusage
.code.tex)
(/usr/local/texlive/2025/texmf-dist/tex/generic/pgf/basiclayer/pgfcorescopes.co
de.tex)
(/usr/local/texlive/2025/texmf-dist/tex/generic/pgf/basiclayer/pgfcoregraphicst
ate.code.tex)
(/usr/local/texlive/2025/texmf-dist/tex/generic/pgf/basiclayer/pgfcoretransform
ations.code.tex)
(/usr/local/texlive/2025/texmf-dist/tex/generic/pgf/basiclayer/pgfcorequick.cod
e.tex)
(/usr/local/texlive/2025/texmf-dist/tex/generic/pgf/basiclayer/pgfcoreobjects.c
ode.tex)
(/usr/local/texlive/2025/texmf-dist/tex/generic/pgf/basiclayer/pgfcorepathproce
ssing.code.tex)
(/usr/local/texlive/2025/texmf-dist/tex/generic/pgf/basiclayer/pgfcorearrows.co
de.tex)
(/usr/local/texlive/2025/texmf-dist/tex/generic/pgf/basiclayer/pgfcoreshade.cod
e.tex)
(/usr/local/texlive/2025/texmf-dist/tex/generic/pgf/basiclayer/pgfcoreimage.cod
e.tex)
(/usr/local/texlive/2025/texmf-dist/tex/generic/pgf/basiclayer/pgfcoreexternal.
code.tex)
(/usr/local/texlive/2025/texmf-dist/tex/generic/pgf/basiclayer/pgfcorelayers.co
de.tex)
(/usr/local/texlive/2025/texmf-dist/tex/generic/pgf/basiclayer/pgfcoretranspare
ncy.code.tex)
(/usr/local/texlive/2025/texmf-dist/tex/generic/pgf/basiclayer/pgfcorepatterns.
code.tex)
(/usr/local/texlive/2025/texmf-dist/tex/generic/pgf/basiclayer/pgfcorerdf.code.
tex))) (/usr/local/texlive/2025/texmf-dist/tex/latex/pgf/utilities/xxcolor.sty)
 (/usr/local/texlive/2025/texmf-dist/tex/latex/base/atbegshi-ltx.sty)
(/usr/local/texlive/2025/texmf-dist/tex/latex/hyperref/hyperref.sty
(/usr/local/texlive/2025/texmf-dist/tex/latex/kvsetkeys/kvsetkeys.sty)
(/usr/local/texlive/2025/texmf-dist/tex/generic/kvdefinekeys/kvdefinekeys.sty)
(/usr/local/texlive/2025/texmf-dist/tex/generic/pdfescape/pdfescape.sty
(/usr/local/texlive/2025/texmf-dist/tex/generic/ltxcmds/ltxcmds.sty)
(/usr/local/texlive/2025/texmf-dist/tex/generic/pdftexcmds/pdftexcmds.sty
(/usr/local/texlive/2025/texmf-dist/tex/generic/infwarerr/infwarerr.sty)))
(/usr/local/texlive/2025/texmf-dist/tex/latex/hycolor/hycolor.sty)
(/usr/local/texlive/2025/texmf-dist/tex/latex/hyperref/nameref.sty
(/usr/local/texlive/2025/texmf-dist/tex/latex/refcount/refcount.sty)
(/usr/local/texlive/2025/texmf-dist/tex/generic/gettitlestring/gettitlestring.s
ty (/usr/local/texlive/2025/texmf-dist/tex/latex/kvoptions/kvoptions.sty)))
(/usr/local/texlive/2025/texmf-dist/tex/generic/stringenc/stringenc.sty)
(/usr/local/texlive/2025/texmf-dist/tex/latex/hyperref/pd1enc.def)
(/usr/local/texlive/2025/texmf-dist/tex/generic/intcalc/intcalc.sty)
(/usr/local/texlive/2025/texmf-dist/tex/latex/hyperref/puenc.def)
(/usr/local/texlive/2025/texmf-dist/tex/latex/url/url.sty)
(/usr/local/texlive/2025/texmf-dist/tex/generic/bitset/bitset.sty
(/usr/local/texlive/2025/texmf-dist/tex/generic/bigintcalc/bigintcalc.sty))

Package hyperref Message: Stopped early.

) (/usr/local/texlive/2025/texmf-dist/tex/latex/hyperref/hpdftex.def
(/usr/local/texlive/2025/texmf-dist/tex/latex/base/atveryend-ltx.sty)
(/usr/local/texlive/2025/texmf-dist/tex/latex/rerunfilecheck/rerunfilecheck.sty

(/usr/local/texlive/2025/texmf-dist/tex/generic/uniquecounter/uniquecounter.sty
))) (/usr/local/texlive/2025/texmf-dist/tex/latex/beamer/beamerbaserequires.sty

(/usr/local/texlive/2025/texmf-dist/tex/latex/beamer/beamerbasecompatibility.st
y) (/usr/local/texlive/2025/texmf-dist/tex/latex/beamer/beamerbasefont.sty
(/usr/local/texlive/2025/texmf-dist/tex/latex/amsfonts/amssymb.sty
(/usr/local/texlive/2025/texmf-dist/tex/latex/amsfonts/amsfonts.sty))
(/usr/local/texlive/2025/texmf-dist/tex/latex/sansmathaccent/sansmathaccent.sty
(/usr/local/texlive/2025/texmf-dist/tex/latex/koma-script/scrlfile.sty
(/usr/local/texlive/2025/texmf-dist/tex/latex/koma-script/scrlfile-hook.sty
(/usr/local/texlive/2025/texmf-dist/tex/latex/koma-script/scrlogo.sty)))))
(/usr/local/texlive/2025/texmf-dist/tex/latex/beamer/beamerbasetranslator.sty
(/usr/local/texlive/2025/texmf-dist/tex/latex/translator/translator.sty))
(/usr/local/texlive/2025/texmf-dist/tex/latex/beamer/beamerbasemisc.sty)
(/usr/local/texlive/2025/texmf-dist/tex/latex/beamer/beamerbasetwoscreens.sty)
(/usr/local/texlive/2025/texmf-dist/tex/latex/beamer/beamerbaseoverlay.sty)
(/usr/local/texlive/2025/texmf-dist/tex/latex/beamer/beamerbasetitle.sty)
(/usr/local/texlive/2025/texmf-dist/tex/latex/beamer/beamerbasesection.sty)
(/usr/local/texlive/2025/texmf-dist/tex/latex/beamer/beamerbaseframe.sty)
(/usr/local/texlive/2025/texmf-dist/tex/latex/beamer/beamerbaseverbatim.sty)
(/usr/local/texlive/2025/texmf-dist/tex/latex/beamer/beamerbaseframesize.sty)
(/usr/local/texlive/2025/texmf-dist/tex/latex/beamer/beamerbaseframecomponents.
sty) (/usr/local/texlive/2025/texmf-dist/tex/latex/beamer/beamerbasecolor.sty)
(/usr/local/texlive/2025/texmf-dist/tex/latex/beamer/beamerbasenotes.sty)
(/usr/local/texlive/2025/texmf-dist/tex/latex/beamer/beamerbasetoc.sty)
(/usr/local/texlive/2025/texmf-dist/tex/latex/beamer/beamerbasetemplates.sty
(/usr/local/texlive/2025/texmf-dist/tex/latex/beamer/beamerbaseauxtemplates.sty
(/usr/local/texlive/2025/texmf-dist/tex/latex/beamer/beamerbaseboxes.sty)))
(/usr/local/texlive/2025/texmf-dist/tex/latex/beamer/beamerbaselocalstructure.s
ty (/usr/local/texlive/2025/texmf-dist/tex/latex/tools/enumerate.sty))
(/usr/local/texlive/2025/texmf-dist/tex/latex/beamer/beamerbasenavigation.sty
(/usr/local/texlive/2025/texmf-dist/tex/latex/beamer/beamerbasenavigationsymbol
s.tex))
(/usr/local/texlive/2025/texmf-dist/tex/latex/beamer/beamerbasetheorems.sty
(/usr/local/texlive/2025/texmf-dist/tex/latex/amsmath/amsmath.sty
For additional information on amsmath, use the `?' option.
(/usr/local/texlive/2025/texmf-dist/tex/latex/amsmath/amstext.sty
(/usr/local/texlive/2025/texmf-dist/tex/latex/amsmath/amsgen.sty))
(/usr/local/texlive/2025/texmf-dist/tex/latex/amsmath/amsbsy.sty)
(/usr/local/texlive/2025/texmf-dist/tex/latex/amsmath/amsopn.sty))
(/usr/local/texlive/2025/texmf-dist/tex/latex/amscls/amsthm.sty))
(/usr/local/texlive/2025/texmf-dist/tex/latex/beamer/beamerbasethemes.sty))
(/usr/local/texlive/2025/texmf-dist/tex/latex/beamer/beamerthemedefault.sty
(/usr/local/texlive/2025/texmf-dist/tex/latex/beamer/beamerfontthemedefault.sty
)
(/usr/local/texlive/2025/texmf-dist/tex/latex/beamer/beamercolorthemedefault.st
y)
(/usr/local/texlive/2025/texmf-dist/tex/latex/beamer/beamerinnerthemedefault.st
y)
(/usr/local/texlive/2025/texmf-dist/tex/latex/beamer/beamerouterthemedefault.st
y))) (/usr/local/texlive/2025/texmf-dist/tex/latex/beamer/beamerthemeMadrid.sty
(/usr/local/texlive/2025/texmf-dist/tex/latex/beamer/beamercolorthemewhale.sty)

(/usr/local/texlive/2025/texmf-dist/tex/latex/beamer/beamercolorthemeorchid.sty
)
(/usr/local/texlive/2025/texmf-dist/tex/latex/beamer/beamerinnerthemerounded.st
y)
(/usr/local/texlive/2025/texmf-dist/tex/latex/beamer/beamerouterthemeinfolines.
sty)) (/usr/local/texlive/2025/texmf-dist/tex/latex/booktabs/booktabs.sty)
(/usr/local/texlive/2025/texmf-dist/tex/latex/l3backend/l3backend-pdftex.def)
(./week1_slides.aux)
*geometry* driver: auto-detecting
*geometry* detected driver: pdftex
(/usr/local/texlive/2025/texmf-dist/tex/context/base/mkii/supp-pdf.mkii
[Loading MPS to PDF converter (version 2006.09.02).]
) (/usr/local/texlive/2025/texmf-dist/tex/latex/epstopdf-pkg/epstopdf-base.sty
(/usr/local/texlive/2025/texmf-dist/tex/latex/latexconfig/epstopdf-sys.cfg))
(./week1_slides.out) (./week1_slides.out)
(/usr/local/texlive/2025/texmf-dist/tex/latex/translator/translator-basic-dicti
onary-English.dict)
(/usr/local/texlive/2025/texmf-dist/tex/latex/translator/translator-bibliograph
y-dictionary-English.dict)
(/usr/local/texlive/2025/texmf-dist/tex/latex/translator/translator-environment
-dictionary-English.dict)
(/usr/local/texlive/2025/texmf-dist/tex/latex/translator/translator-months-dict
ionary-English.dict)
(/usr/local/texlive/2025/texmf-dist/tex/latex/translator/translator-numbers-dic
tionary-English.dict)
(/usr/local/texlive/2025/texmf-dist/tex/latex/translator/translator-theorem-dic
tionary-English.dict) (./week1_slides.nav)
Overfull \hbox (41.86166pt too wide) in paragraph at lines 24--24
 [][]  \OT1/cmss/m/n/6 ([])  

Overfull \hbox (41.86166pt too wide) in paragraph at lines 26--26
 [][]  \OT1/cmss/m/n/6 ([])  


Overfull \hbox (41.86166pt too wide) has occurred while \output is active
 [][]  \OT1/cmss/m/n/6 ([])  
[1{/usr/local/texlive/2025/texmf-var/fonts/map/pdftex/updmap/pdftex.map}]
Overfull \hbox (41.86166pt too wide) in paragraph at lines 31--31
 [][]  \OT1/cmss/m/n/6 ([])  
(./week1_slides.toc)

Overfull \hbox (41.86166pt too wide) has occurred while \output is active
 [][]  \OT1/cmss/m/n/6 ([])  
[2]
Overfull \hbox (41.86166pt too wide) in paragraph at lines 48--48
 [][]  \OT1/cmss/m/n/6 ([])  


Overfull \hbox (41.86166pt too wide) has occurred while \output is active
 [][]  \OT1/cmss/m/n/6 ([])  
[3]
Overfull \hbox (41.86166pt too wide) in paragraph at lines 59--59
 [][]  \OT1/cmss/m/n/6 ([])  


Overfull \hbox (41.86166pt too wide) has occurred while \output is active
 [][]  \OT1/cmss/m/n/6 ([])  
[4]
Overfull \hbox (41.86166pt too wide) in paragraph at lines 75--75
 [][]  \OT1/cmss/m/n/6 ([])  
(/usr/local/texlive/2025/texmf-dist/tex/latex/amsfonts/umsa.fd)
(/usr/local/texlive/2025/texmf-dist/tex/latex/amsfonts/umsb.fd)
(/usr/local/texlive/2025/texmf-dist/tex/latex/sansmathaccent/ot1mathkerncmss.fd
)

Overfull \hbox (41.86166pt too wide) has occurred while \output is active
 [][]  \OT1/cmss/m/n/6 ([])  
[5]
Overfull \hbox (41.86166pt too wide) in paragraph at lines 89--89
 [][]  \OT1/cmss/m/n/6 ([])  


Overfull \hbox (41.86166pt too wide) has occurred while \output is active
 [][]  \OT1/cmss/m/n/6 ([])  
[6]
Overfull \hbox (41.86166pt too wide) in paragraph at lines 108--108
 [][]  \OT1/cmss/m/n/6 ([])  


Overfull \hbox (41.86166pt too wide) has occurred while \output is active
 [][]  \OT1/cmss/m/n/6 ([])  
[7]
Overfull \hbox (41.86166pt too wide) in paragraph at lines 111--111
 [][]  \OT1/cmss/m/n/6 ([])  

Overfull \hbox (41.86166pt too wide) in paragraph at lines 128--128
 [][]  \OT1/cmss/m/n/6 ([])  
(./week1_slides.vrb)

Overfull \hbox (41.86166pt too wide) has occurred while \output is active
 [][]  \OT1/cmss/m/n/6 ([])  
[8]
Overfull \hbox (41.86166pt too wide) in paragraph at lines 159--159
 [][]  \OT1/cmss/m/n/6 ([])  


Overfull \hbox (41.86166pt too wide) has occurred while \output is active
 [][]  \OT1/cmss/m/n/6 ([])  
[9]
Overfull \hbox (41.86166pt too wide) in paragraph at lines 183--183
 [][]  \OT1/cmss/m/n/6 ([])  


Overfull \hbox (41.86166pt too wide) has occurred while \output is active
 [][]  \OT1/cmss/m/n/6 ([])  
[10{/usr/local/texlive/2025/texmf-dist/fonts/enc/dvips/cm-super/cm-super-ts1.en
c}]
Overfull \hbox (41.86166pt too wide) in paragraph at lines 207--207
 [][]  \OT1/cmss/m/n/6 ([])  


Overfull \hbox (41.86166pt too wide) has occurred while \output is active
 [][]  \OT1/cmss/m/n/6 ([])  
[11]
Overfull \hbox (41.86166pt too wide) in paragraph at lines 228--228
 [][]  \OT1/cmss/m/n/6 ([])  


Overfull \hbox (41.86166pt too wide) has occurred while \output is active
 [][]  \OT1/cmss/m/n/6 ([])  
[12]
Overfull \hbox (41.86166pt too wide) in paragraph at lines 231--231
 [][]  \OT1/cmss/m/n/6 ([])  

Overfull \hbox (41.86166pt too wide) in paragraph at lines 260--260
 [][]  \OT1/cmss/m/n/6 ([])  
(./week1_slides.vrb)

Overfull \hbox (41.86166pt too wide) has occurred while \output is active
 [][]  \OT1/cmss/m/n/6 ([])  
[13]
Overfull \hbox (41.86166pt too wide) in paragraph at lines 267--267
 [][]  \OT1/cmss/m/n/6 ([])  


Overfull \hbox (41.86166pt too wide) has occurred while \output is active
 [][]  \OT1/cmss/m/n/6 ([])  
[14 <./barplot_injuries.pdf>]
Overfull \hbox (41.86166pt too wide) in paragraph at lines 274--274
 [][]  \OT1/cmss/m/n/6 ([])  


Overfull \hbox (41.86166pt too wide) has occurred while \output is active
 [][]  \OT1/cmss/m/n/6 ([])  
[15 <./piechart_injuries.pdf>]
Overfull \hbox (41.86166pt too wide) in paragraph at lines 277--277
 [][]  \OT1/cmss/m/n/6 ([])  

Overfull \hbox (41.86166pt too wide) in paragraph at lines 311--311
 [][]  \OT1/cmss/m/n/6 ([])  
(./week1_slides.vrb)

Overfull \hbox (41.86166pt too wide) has occurred while \output is active
 [][]  \OT1/cmss/m/n/6 ([])  
[16]
Overfull \hbox (41.86166pt too wide) in paragraph at lines 318--318
 [][]  \OT1/cmss/m/n/6 ([])  


Overfull \hbox (41.86166pt too wide) has occurred while \output is active
 [][]  \OT1/cmss/m/n/6 ([])  
[17 <./histogram_fev1.pdf>]
Overfull \hbox (41.86166pt too wide) in paragraph at lines 325--325
 [][]  \OT1/cmss/m/n/6 ([])  


Overfull \hbox (41.86166pt too wide) has occurred while \output is active
 [][]  \OT1/cmss/m/n/6 ([])  
[18 <./boxplot_fev1_gender.pdf>]
Overfull \hbox (41.86166pt too wide) in paragraph at lines 332--332
 [][]  \OT1/cmss/m/n/6 ([])  


Overfull \hbox (41.86166pt too wide) has occurred while \output is active
 [][]  \OT1/cmss/m/n/6 ([])  
[19 <./dotplot_fev1.pdf>]
Overfull \hbox (41.86166pt too wide) in paragraph at lines 339--339
 [][]  \OT1/cmss/m/n/6 ([])  


Overfull \hbox (41.86166pt too wide) has occurred while \output is active
 [][]  \OT1/cmss/m/n/6 ([])  
[20 <./scatter_fev1.pdf>]
Overfull \hbox (41.86166pt too wide) in paragraph at lines 365--365
 [][]  \OT1/cmss/m/n/6 ([])  


Overfull \hbox (41.86166pt too wide) has occurred while \output is active
 [][]  \OT1/cmss/m/n/6 ([])  
[21]
Overfull \hbox (41.86166pt too wide) in paragraph at lines 386--386
 [][]  \OT1/cmss/m/n/6 ([])  


Overfull \hbox (41.86166pt too wide) has occurred while \output is active
 [][]  \OT1/cmss/m/n/6 ([])  
[22]
Overfull \hbox (41.86166pt too wide) in paragraph at lines 404--404
 [][]  \OT1/cmss/m/n/6 ([])  


Overfull \hbox (41.86166pt too wide) has occurred while \output is active
 [][]  \OT1/cmss/m/n/6 ([])  
[23]
Overfull \hbox (41.86166pt too wide) in paragraph at lines 425--425
 [][]  \OT1/cmss/m/n/6 ([])  


Overfull \hbox (41.86166pt too wide) has occurred while \output is active
 [][]  \OT1/cmss/m/n/6 ([])  
[24]
Overfull \hbox (41.86166pt too wide) in paragraph at lines 442--442
 [][]  \OT1/cmss/m/n/6 ([])  


Overfull \hbox (41.86166pt too wide) has occurred while \output is active
 [][]  \OT1/cmss/m/n/6 ([])  
[25]
Overfull \hbox (41.86166pt too wide) in paragraph at lines 460--460
 [][]  \OT1/cmss/m/n/6 ([])  


Overfull \hbox (41.86166pt too wide) has occurred while \output is active
 [][]  \OT1/cmss/m/n/6 ([])  
[26]
Overfull \hbox (41.86166pt too wide) in paragraph at lines 479--479
 [][]  \OT1/cmss/m/n/6 ([])  


Overfull \hbox (41.86166pt too wide) has occurred while \output is active
 [][]  \OT1/cmss/m/n/6 ([])  
[27]
Overfull \hbox (41.86166pt too wide) in paragraph at lines 499--499
 [][]  \OT1/cmss/m/n/6 ([])  


Overfull \hbox (41.86166pt too wide) has occurred while \output is active
 [][]  \OT1/cmss/m/n/6 ([])  
[28]
Overfull \hbox (41.86166pt too wide) in paragraph at lines 522--522
 [][]  \OT1/cmss/m/n/6 ([])  


Overfull \hbox (41.86166pt too wide) has occurred while \output is active
 [][]  \OT1/cmss/m/n/6 ([])  
[29]
Overfull \hbox (41.86166pt too wide) in paragraph at lines 525--525
 [][]  \OT1/cmss/m/n/6 ([])  

Overfull \hbox (41.86166pt too wide) in paragraph at lines 555--555
 [][]  \OT1/cmss/m/n/6 ([])  
(./week1_slides.vrb)

Overfull \hbox (41.86166pt too wide) has occurred while \output is active
 [][]  \OT1/cmss/m/n/6 ([])  
[30]
Overfull \hbox (41.86166pt too wide) in paragraph at lines 558--558
 [][]  \OT1/cmss/m/n/6 ([])  

Overfull \hbox (41.86166pt too wide) in paragraph at lines 588--588
 [][]  \OT1/cmss/m/n/6 ([])  
(./week1_slides.vrb)

Overfull \hbox (41.86166pt too wide) has occurred while \output is active
 [][]  \OT1/cmss/m/n/6 ([])  
[31]
Overfull \hbox (41.86166pt too wide) in paragraph at lines 614--614
 [][]  \OT1/cmss/m/n/6 ([])  


Overfull \hbox (41.86166pt too wide) has occurred while \output is active
 [][]  \OT1/cmss/m/n/6 ([])  
[32]
Overfull \hbox (41.86166pt too wide) in paragraph at lines 617--617
 [][]  \OT1/cmss/m/n/6 ([])  

Overfull \hbox (41.86166pt too wide) in paragraph at lines 639--639
 [][]  \OT1/cmss/m/n/6 ([])  
(./week1_slides.vrb)

Overfull \hbox (41.86166pt too wide) has occurred while \output is active
 [][]  \OT1/cmss/m/n/6 ([])  
[33]
Overfull \hbox (41.86166pt too wide) in paragraph at lines 671--671
 [][]  \OT1/cmss/m/n/6 ([])  


Overfull \hbox (41.86166pt too wide) has occurred while \output is active
 [][]  \OT1/cmss/m/n/6 ([])  
[34]
Overfull \hbox (41.86166pt too wide) in paragraph at lines 692--692
 [][]  \OT1/cmss/m/n/6 ([])  


Overfull \hbox (41.86166pt too wide) has occurred while \output is active
 [][]  \OT1/cmss/m/n/6 ([])  
[35]
Overfull \hbox (41.86166pt too wide) in paragraph at lines 695--695
 [][]  \OT1/cmss/m/n/6 ([])  

Overfull \hbox (41.86166pt too wide) in paragraph at lines 719--719
 [][]  \OT1/cmss/m/n/6 ([])  
(./week1_slides.vrb)

Overfull \hbox (41.86166pt too wide) has occurred while \output is active
 [][]  \OT1/cmss/m/n/6 ([])  
[36]
Overfull \hbox (41.86166pt too wide) in paragraph at lines 743--743
 [][]  \OT1/cmss/m/n/6 ([])  


Overfull \hbox (41.86166pt too wide) has occurred while \output is active
 [][]  \OT1/cmss/m/n/6 ([])  
[37]
Overfull \hbox (41.86166pt too wide) in paragraph at lines 748--748
 [][]  \OT1/cmss/m/n/6 ([])  

Overfull \hbox (41.86166pt too wide) in paragraph at lines 769--769
 [][]  \OT1/cmss/m/n/6 ([])  
(./week1_slides.vrb)

Overfull \hbox (41.86166pt too wide) has occurred while \output is active
 [][]  \OT1/cmss/m/n/6 ([])  
[38]
Overfull \hbox (41.86166pt too wide) in paragraph at lines 783--783
 [][]  \OT1/cmss/m/n/6 ([])  


Overfull \hbox (41.86166pt too wide) has occurred while \output is active
 [][]  \OT1/cmss/m/n/6 ([])  
[39]
Overfull \hbox (41.86166pt too wide) in paragraph at lines 797--797
 [][]  \OT1/cmss/m/n/6 ([])  


Overfull \hbox (41.86166pt too wide) has occurred while \output is active
 [][]  \OT1/cmss/m/n/6 ([])  
[40]
Overfull \hbox (41.86166pt too wide) in paragraph at lines 811--811
 [][]  \OT1/cmss/m/n/6 ([])  


Overfull \hbox (41.86166pt too wide) has occurred while \output is active
 [][]  \OT1/cmss/m/n/6 ([])  
[41 <./barplot_gender_fev1.pdf>]
Overfull \hbox (41.86166pt too wide) in paragraph at lines 825--825
 [][]  \OT1/cmss/m/n/6 ([])  


Overfull \hbox (41.86166pt too wide) has occurred while \output is active
 [][]  \OT1/cmss/m/n/6 ([])  
[42]
Overfull \hbox (41.86166pt too wide) in paragraph at lines 828--828
 [][]  \OT1/cmss/m/n/6 ([])  

Overfull \hbox (41.86166pt too wide) in paragraph at lines 846--846
 [][]  \OT1/cmss/m/n/6 ([])  
(./week1_slides.vrb)

Overfull \hbox (41.86166pt too wide) has occurred while \output is active
 [][]  \OT1/cmss/m/n/6 ([])  
[43]
Overfull \hbox (41.86166pt too wide) in paragraph at lines 849--849
 [][]  \OT1/cmss/m/n/6 ([])  

Overfull \hbox (41.86166pt too wide) in paragraph at lines 870--870
 [][]  \OT1/cmss/m/n/6 ([])  
(./week1_slides.vrb)

Overfull \hbox (41.86166pt too wide) has occurred while \output is active
 [][]  \OT1/cmss/m/n/6 ([])  
[44]
Overfull \hbox (41.86166pt too wide) in paragraph at lines 884--884
 [][]  \OT1/cmss/m/n/6 ([])  


Overfull \hbox (41.86166pt too wide) has occurred while \output is active
 [][]  \OT1/cmss/m/n/6 ([])  
[45 <./age_specific_rates.pdf>]
Overfull \hbox (41.86166pt too wide) in paragraph at lines 902--902
 [][]  \OT1/cmss/m/n/6 ([])  


Overfull \hbox (41.86166pt too wide) has occurred while \output is active
 [][]  \OT1/cmss/m/n/6 ([])  
[46]
Overfull \hbox (41.86166pt too wide) in paragraph at lines 915--915
 [][]  \OT1/cmss/m/n/6 ([])  


Overfull \hbox (41.86166pt too wide) has occurred while \output is active
 [][]  \OT1/cmss/m/n/6 ([])  
[47] (./week1_slides.aux) )
(see the transcript file for additional information)</usr/local/texlive/2025/te
xmf-dist/fonts/type1/public/amsfonts/cm/cmex10.pfb></usr/local/texlive/2025/tex
mf-dist/fonts/type1/public/amsfonts/cmextra/cmex7.pfb></usr/local/texlive/2025/
texmf-dist/fonts/type1/public/amsfonts/cm/cmmi10.pfb></usr/local/texlive/2025/t
exmf-dist/fonts/type1/public/amsfonts/cm/cmss10.pfb></usr/local/texlive/2025/te
xmf-dist/fonts/type1/public/amsfonts/cm/cmss12.pfb></usr/local/texlive/2025/tex
mf-dist/fonts/type1/public/amsfonts/cm/cmss8.pfb></usr/local/texlive/2025/texmf
-dist/fonts/type1/public/amsfonts/cm/cmss9.pfb></usr/local/texlive/2025/texmf-d
ist/fonts/type1/public/amsfonts/cm/cmssbx10.pfb></usr/local/texlive/2025/texmf-
dist/fonts/type1/public/amsfonts/cm/cmssi10.pfb></usr/local/texlive/2025/texmf-
dist/fonts/type1/public/amsfonts/cm/cmssi8.pfb></usr/local/texlive/2025/texmf-d
ist/fonts/type1/public/amsfonts/cm/cmsy10.pfb></usr/local/texlive/2025/texmf-di
st/fonts/type1/public/amsfonts/cm/cmsy7.pfb></usr/local/texlive/2025/texmf-dist
/fonts/type1/public/amsfonts/cm/cmtt10.pfb></usr/local/texlive/2025/texmf-dist/
fonts/type1/public/amsfonts/cm/cmtt8.pfb></usr/local/texlive/2025/texmf-dist/fo
nts/type1/public/cm-super/sfss0900.pfb>
Output written on week1_slides.pdf (47 pages, 312821 bytes).
Transcript written on week1_slides.log.
